대상 385개  (BOJ 385 / SWEA 0)
(node:39512) [DEP0169] DeprecationWarning: `url.parse()` behavior is not standardized and prone to errors that have security implications. Use the WHATWG URL API instead. CVEs are not issued for `url.parse()` vulnerabilities.
(Use `node --trace-deprecation ...` to show where the warning was created)
  [1/385] BOJ 2979   ✅ 트럭 주차                  지문  281자 예제1
  [2/385] BOJ 9375   ✅ 패션왕 신해빈                지문  177자 예제1
  [3/385] BOJ 1940   ✅ 주몽                     지문  364자 예제1
  [4/385] BOJ 3986   ✅ 좋은 단어                  지문  377자 예제1
  [5/385] BOJ 2178   ✅ 미로 탐색                  지문  312자 예제1
  [6/385] BOJ 2583   ✅ 영역 구하기                 지문  389자 예제1
  [7/385] BOJ 2828   ✅ 사과 담기 게임               지문  423자 예제1
  [8/385] BOJ 2852   ✅ NBA 농구                 지문  134자 예제1
  [9/385] BOJ 9012   ✅ 괄호                     지문  378자 예제1
  [10/385] BOJ 9934   ✅ 완전 이진 트리               지문  804자 예제1
  [11/385] BOJ 1189   ✅ 컴백홈                    지문  445자 예제1
  [12/385] BOJ 17144  ✅ 미세먼지 안녕!               지문  938자 예제1
  [13/385] BOJ 12100  ✅ 2048 (Easy)            지문 1046자 예제1
  [14/385] BOJ 4781   ✅ 사탕 가게                  지문  485자 예제1
  [15/385] BOJ 1513   ✅ 경로 찾기                  지문  392자 예제1
  [16/385] BOJ 14867  ✅ 물통                     지문  927자 예제1
  [17/385] BOJ 3687   ✅ 성냥개비                   지문  131자 예제1
