대상 180개  (BOJ 180 / SWEA 0)
(node:8152) [DEP0169] DeprecationWarning: `url.parse()` behavior is not standardized and prone to errors that have security implications. Use the WHATWG URL API instead. CVEs are not issued for `url.parse()` vulnerabilities.
(Use `node --trace-deprecation ...` to show where the warning was created)
  [1/180] BOJ 1269   ✅ 대칭 차집합                 지문  253자 예제1
  [2/180] BOJ 1561   ✅ 놀이 공원                  지문  360자 예제1
  [3/180] BOJ 1644   ✅ 소수의 연속합                지문  381자 예제1
  [4/180] BOJ 2293   ✅ 동전 1                   지문  153자 예제1
  [5/180] BOJ 1285   ✅ 동전 뒤집기                 지문  578자 예제1
  [6/180] BOJ 3197   ✅ 백조의 호수                 지문  791자 예제1
  [7/180] BOJ 2805   ✅ 나무 자르기                 지문    0자 예제1
  [8/180] BOJ 2098   ✅ 외판원 순회                 지문  686자 예제1
  [9/180] BOJ 5373   ✅ 큐빙                     지문  426자 예제1
  [10/180] BOJ 3015   ✅ 오아시스 재결합               지문  217자 예제1
  [11/180] BOJ 12869  ✅ 뮤탈리스크                  지문  420자 예제1
  [12/180] BOJ 14499  ✅ 주사위 굴리기                지문    0자 예제1
  [13/180] BOJ 16637  ✅ 괄호 추가하기                지문  472자 예제1
  [14/180] BOJ 1629   ✅ 곱셈                     지문   76자 예제1
  [15/180] BOJ 4179   ✅ 불!                     지문  265자 예제1
  [16/180] BOJ 15684  ✅ 사다리 조작                 지문  736자 예제1
  [17/180] BOJ 12851  ✅ 숨바꼭질 2                 지문  301자 예제1
  [18/180] BOJ 15683  ✅ 감시                     지문 1617자 예제1
  [19/180] BOJ 1103   ✅ 게임                     지문  346자 예제1
  [20/180] BOJ 14890  ✅ 경사로                    지문  978자 예제1
  [21/180] BOJ 1062   ✅ 가르침                    지문  332자 예제1
  [22/180] BOJ 1781   ✅ 컵라면                    지문  435자 예제1
  [23/180] BOJ 2309   ✅ 일곱 난쟁이                 지문  253자 예제1
  [24/180] BOJ 11718  ⚠️ 내용 없음
  [25/180] BOJ 2234   ✅ 성곽                     지문   84자 예제1
  [26/180] BOJ 15353  ✅ 큰 수 A+B (2)            지문   10자 예제1
  [27/180] BOJ 15926  ✅ 현욱은 괄호왕이야!!            지문  441자 예제1
  [28/180] BOJ 1931   ✅ 회의실 배정                 지문  258자 예제1
  [29/180] BOJ 1193   ✅ 분수찾기                   지문    0자 예제1
  [30/180] BOJ 15972  ✅ 물탱크                    지문  928자 예제1
  [31/180] BOJ 14391  ✅ 종이 조각                  지문  422자 예제1
  [32/180] BOJ 11723  ✅ 집합                     지문  337자 예제1
  [33/180] BOJ 5430   ✅ AC                     지문  346자 예제1
  [34/180] BOJ 2109   ✅ 순회강연                   지문  384자 예제1
  [35/180] BOJ 17071  ✅ 숨바꼭질 5                 지문  508자 예제1
  [36/180] BOJ 1280   ✅ 나무 심기                  지문  268자 예제1
  [37/180] BOJ 13244  ✅ Tree                   지문  641자 예제1
  [38/180] BOJ 1480   ✅ 보석 모으기                 지문  278자 예제1
  [39/180] BOJ 13913  ✅ 숨바꼭질 4                 지문  270자 예제1
  [40/180] BOJ 10798  ✅ 세로읽기                   지문    0자 예제1
  [41/180] BOJ 17297  ✅ Messi Gimossi          지문  347자 예제1
  [42/180] BOJ 9996   ✅ 한국이 그리울 땐 서버에 접속하지     지문  570자 예제1
  [43/180] BOJ 1219   ✅ 오민식의 고민                지문  547자 예제1
  [44/180] BOJ 11658  ✅ 구간 합 구하기 3             지문  431자 예제1
  [45/180] BOJ 16118  ✅ 달빛 여우                  지문  858자 예제1
  [46/180] BOJ 17616  ✅ 등수 찾기                  지문  332자 예제1
  [47/180] BOJ 1992   ✅ 쿼드트리                   지문  499자 예제1
  [48/180] BOJ 17623  ✅ 괄호                     지문 1604자 예제1
  [49/180] BOJ 3653   ✅ 영화 수집                  지문  352자 예제1
  [50/180] BOJ 14864  ✅ 줄서기                    지문  792자 예제1
  [51/180] BOJ 1486   ✅ 등산                     지문  101자 예제1
  [52/180] BOJ 17611  ✅ 직각다각형                  지문  661자 예제1
  [53/180] BOJ 13248  ⚠️ 내용 없음
  [54/180] BOJ 5719   ✅ 거의 최단 경로               지문   47자 예제1
  [55/180] BOJ 9370   ✅ 미확인 도착지                지문  350자 예제1
  [56/180] BOJ 2042   ✅ 구간 합 구하기               지문  207자 예제1
  [57/180] BOJ 1238   ✅ 파티                     지문  331자 예제1
  [58/180] BOJ 17612  ✅ 쇼핑몰                    지문  764자 예제1
  [59/180] BOJ 2342   ✅ Dance Dance Revolution 지문 1043자 예제1
  [60/180] BOJ 1620   ✅ 나는야 포켓몬 마스터 이다솜        지문 1908자 예제1
  [61/180] BOJ 2468   ✅ 안전 영역                  지문 1027자 예제1
  [62/180] BOJ 4485   ✅ 녹색 옷 입은 애가 젤다지?        지문  553자 예제1
  [63/180] BOJ 6236   ✅ 용돈 관리                  지문  369자 예제1
  [64/180] BOJ 4375   ✅ 1                      지문   88자 예제1
  [65/180] BOJ 14501  ✅ 퇴사                     지문    0자 예제1
  [66/180] BOJ 17136  ✅ 색종이 붙이기                지문  365자 예제1
  [67/180] BOJ 10942  ✅ 팰린드롬?                  지문  445자 예제1
  [68/180] BOJ 14863  ✅ 서울에서 경산까지              지문 1027자 예제1
  [69/180] BOJ 5419   ✅ 북서풍                    지문  209자 예제1
  [70/180] BOJ 2302   ✅ 극장 좌석                  지문  627자 예제1
  [71/180] BOJ 1514   ✅ 자물쇠                    지문  408자 예제1
  [72/180] BOJ 1315   ✅ RPG                    지문  377자 예제1
  [73/180] BOJ 17285  ⚠️ 내용 없음
  [74/180] BOJ 17258  ✅ 인기가 넘쳐흘러               지문  687자 예제1
  [75/180] BOJ 2565   ✅ 전깃줄                    지문  425자 예제1
  [76/180] BOJ 2240   ✅ 자두나무                   지문  591자 예제1
  [77/180] BOJ 4811   ✅ 알약                     지문  408자 예제1
  [78/180] BOJ 2294   ✅ 동전 2                   지문  109자 예제1
  [79/180] BOJ 1509   ✅ 팰린드롬 분할                지문  159자 예제1
  [80/180] BOJ 5557   ✅ 1학년                    지문  441자 예제1
  [81/180] BOJ 1450   ✅ 냅색문제                   지문   95자 예제1
  [82/180] BOJ 14003  ✅ 가장 긴 증가하는 부분 수열 5      지문  152자 예제1
  [83/180] BOJ 11053  ✅ 가장 긴 증가하는 부분 수열        지문  152자 예제1
  [84/180] BOJ 14876  ⚠️ 내용 없음
  [85/180] BOJ 1068   ✅ 트리                     지문  273자 예제1
  [86/180] BOJ 2632   ✅ 피자판매                   지문  471자 예제1
  [87/180] BOJ 14627  ✅ 파닭파닭                   지문  371자 예제1
  [88/180] BOJ 1535   ✅ 안녕                     지문  362자 예제1
  [89/180] BOJ 16235  ✅ 나무 재테크                 지문 1067자 예제1
  [90/180] BOJ 17825  ✅ 주사위 윷놀이                지문  481자 예제1
  [91/180] BOJ 15685  ✅ 드래곤 커브                 지문  688자 예제1
  [92/180] BOJ 12865  ✅ 평범한 배낭                 지문  331자 예제1
  [93/180] BOJ 12852  ✅ 1로 만들기 2               지문  175자 예제1
  [94/180] BOJ 3474   ✅ 교수가 된 현우               지문  459자 예제1
  [95/180] BOJ 2170   ✅ 선 긋기                   지문  220자 예제1
  [96/180] BOJ 16434  ✅ 드래곤 앤 던전               지문  934자 예제1
  [97/180] BOJ 1072   ✅ 게임                     지문  475자 예제1
  [98/180] BOJ 2670   ✅ 연속부분최대곱                지문  135자 예제1
  [99/180] BOJ 14002  ✅ 가장 긴 증가하는 부분 수열 4      지문  152자 예제1
  [100/180] BOJ 2776   ✅ 암기왕                    지문  431자 예제1
  [101/180] BOJ 2026   ⚠️ 내용 없음
  [102/180] BOJ 5215   ⚠️ 내용 없음
  [103/180] BOJ 17822  ✅ 원판 돌리기                 지문  974자 예제1
  [104/180] BOJ 17143  ✅ 낚시왕                    지문  379자 예제1
  [105/180] BOJ 1209   ⚠️ 내용 없음
  [106/180] BOJ 1213   ✅ 팰린드롬 만들기               지문  215자 예제1
  [107/180] BOJ 1225   ✅ 이상한 곱셈                 지문    0자 예제1
  [108/180] BOJ 1234   ⚠️ 내용 없음
  [109/180] BOJ 1860   ⚠️ 내용 없음
  [110/180] BOJ 2792   ✅ 보석 상자                  지문  516자 예제1
  [111/180] BOJ 17070  ✅ 파이프 옮기기 1              지문  763자 예제1
  [112/180] BOJ 14888  ✅ 연산자 끼워넣기               지문  712자 예제1
  [113/180] BOJ 2529   ✅ 부등호                    지문  650자 예제1
  [114/180] BOJ 17406  ✅ 배열 돌리기 4               지문 1676자 예제1
  [115/180] BOJ 4      ⚠️ 내용 없음
  [116/180] BOJ 1700   ✅ 멀티탭 스케줄링               지문  480자 예제1
  [117/180] BOJ 1911   ✅ 흙길 보수하기                지문  244자 예제1
  [118/180] BOJ 15662  ✅ 톱니바퀴 (2)               지문  908자 예제1
  [119/180] BOJ 7795   ✅ 먹을 것인가 먹힐 것인가          지문  252자 예제1
  [120/180] BOJ 1912   ✅ 연속합                    지문  191자 예제1
  [121/180] BOJ 14469  ✅ 소가 길을 건너간 이유 3         지문  563자 예제1
  [122/180] BOJ 14497  ✅ 주난의 난(難)               지문  803자 예제1
  [123/180] BOJ 9935   ✅ 문자열 폭발                 지문  361자 예제1
  [124/180] BOJ 2870   ✅ 수학숙제                   지문  386자 예제1
  [125/180] BOJ 3      ⚠️ 내용 없음
  [126/180] BOJ 1325   ✅ 효율적인 해킹                지문  282자 예제1
  [127/180] BOJ 1      ⚠️ 내용 없음
  [128/180] BOJ 2      ⚠️ 내용 없음
  [129/180] BOJ 2343   ✅ 기타 레슨                  지문  453자 예제1
  [130/180] BOJ 17140  ✅ 이차원 배열과 연산             지문    0자 예제1
  [131/180] BOJ 2910   ✅ 빈도 정렬                  지문  347자 예제1
  [132/180] BOJ 1463   ✅ 1로 만들기                 지문    0자 예제1
  [133/180] BOJ 1012   ✅ 유기농 배추                 지문  650자 예제1
  [134/180] BOJ 17298  ✅ 오큰수                    지문  302자 예제1
  [135/180] BOJ 1202   ✅ 보석 도둑                  지문  197자 예제1
  [136/180] BOJ 14889  ✅ 스타트와 링크                지문  833자 예제1
  [137/180] BOJ 19942  ✅ 다이어트                   지문  490자 예제1
  [138/180] BOJ 17471  ✅ 게리맨더링                  지문  779자 예제1
  [139/180] BOJ 1987   ✅ 알파벳                    지문  293자 예제1
  [140/180] BOJ 13144  ✅ List of Unique Numbers 지문   85자 예제1
  [141/180] BOJ 1085   ⚠️ 내용 없음
  [142/180] BOJ 11655  ✅ ROT13                  지문  421자 예제1
  [143/180] BOJ 27323  ⚠️ 내용 없음
  [144/180] BOJ 11653  ⚠️ 내용 없음
  [145/180] BOJ 2581   ⚠️ 내용 없음
  [146/180] BOJ 1094   ✅ 막대기                    지문  508자 예제1
  [147/180] BOJ 2903   ⚠️ 내용 없음
  [148/180] BOJ 9506   ⚠️ 내용 없음
  [149/180] BOJ 5086   ⚠️ 내용 없음
  [150/180] BOJ 2559   ✅ 수열                     지문  349자 예제1
  [151/180] BOJ 15686  ✅ 치킨 배달                  지문  976자 예제1
  [152/180] BOJ 3273   ✅ 두 수의 합                 지문  168자 예제1
  [153/180] BOJ 9086   ⚠️ 내용 없음
  [154/180] BOJ 10809  ✅ 알파벳 찾기                 지문    0자 예제1
  [155/180] BOJ 2941   ✅ 크로아티아 알파벳              지문    0자 예제1
  [156/180] BOJ 2566   ⚠️ 내용 없음
  [157/180] BOJ 2869   ⚠️ 내용 없음
  [158/180] BOJ 25206  ⚠️ 내용 없음
  [159/180] BOJ 2720   ⚠️ 내용 없음
  [160/180] BOJ 2563   ⚠️ 내용 없음
  [161/180] BOJ 2745   ✅ 진법 변환                  지문    0자 예제1
  [162/180] BOJ 11005  ⚠️ 내용 없음
  [163/180] BOJ 1316   ✅ 그룹 단어 체커               지문    0자 예제1
  [164/180] BOJ 2444   ⚠️ 내용 없음
  [165/180] BOJ 2908   ✅ 상수                     지문    0자 예제1
  [166/180] BOJ 5622   ✅ 다이얼                    지문    0자 예제1
  [167/180] BOJ 14891  ✅ 톱니바퀴                   지문    0자 예제1
  [168/180] BOJ 3190   ✅ 뱀                      지문  487자 예제1
  [169/180] BOJ 2589   ✅ 보물섬                    지문  423자 예제1
  [170/180] BOJ 16234  ✅ 인구 이동                  지문  572자 예제1
  [171/180] BOJ 10709  ✅ 기상캐스터                  지문  407자 예제1
  [172/180] BOJ 1436   ✅ 영화감독 숌                 지문  626자 예제1
  [173/180] BOJ 4949   ✅ 균형잡힌 세상                지문  474자 예제1
  [174/180] BOJ 14502  ✅ 연구소                    지문  906자 예제1
  [175/180] BOJ 14405  ✅ 피카츄                    지문  157자 예제1
  [176/180] BOJ 4659   ✅ 비밀번호 발음하기              지문  558자 예제1
  [177/180] BOJ 14620  ✅ 꽃길                     지문  660자 예제1
  [178/180] BOJ 10808  ✅ 알파벳 개수                 지문   68자 예제1
  [179/180] BOJ 10988  ✅ 팰린드롬인지 확인하기            지문  161자 예제1
  [180/180] BOJ 1159   ✅ 농구 경기                  지문  578자 예제1

완료: 성공 152 / 실패 28 / 13.4분
