허브 : https://arms-offering-secrets-blocking.trycloudflare.com
대상 : 513문제  564 MB
  [8/513] BOJ 1011   ✅ 14개  0.0MB
  [9/513] BOJ 1012   ✅ 26개  0.1MB
  [10/513] BOJ 1013   ✅ 13개  0.0MB
  [11/513] BOJ 1015   ✅ 14개  0.0MB
  [12/513] BOJ 1016   ✅ 14개  0.0MB
  [13/513] BOJ 1018   ✅ 14개  0.0MB
  [14/513] BOJ 1021   ✅ 14개  0.0MB
  [15/513] BOJ 1022   ✅ 14개  0.0MB
  [16/513] BOJ 1024   ✅ 14개  0.0MB
  [17/513] BOJ 1025   ✅ 14개  0.0MB
  [18/513] BOJ 1026   ✅ 14개  0.0MB
  [19/513] BOJ 1027   ✅ 14개  0.0MB
  [20/513] BOJ 1030   ✅ 14개  0.0MB
  [21/513] BOJ 1032   ✅ 14개  0.0MB
  [22/513] BOJ 1033   ✅ 14개  0.0MB
  [23/513] BOJ 1034   ✅ 14개  0.0MB
  [24/513] BOJ 1037   ✅ 14개  0.0MB
  [25/513] BOJ 1038   ✅ 14개  0.0MB
  [26/513] BOJ 1039   ✅ 14개  0.0MB
  [27/513] BOJ 1041   ✅ 14개  0.0MB
  [28/513] BOJ 1043   ✅ 14개  0.0MB
  [29/513] BOJ 10431  ✅ 14개  0.1MB
  [30/513] BOJ 1049   ✅ 14개  0.0MB
  [31/513] BOJ 1051   ✅ 14개  0.0MB
  [32/513] BOJ 1052   ✅ 14개  0.0MB
  [33/513] BOJ 1057   ✅ 14개  0.0MB
  [34/513] BOJ 1058   ✅ 14개  0.0MB
  [35/513] BOJ 1059   ✅ 14개  0.0MB
  [36/513] BOJ 1062   ✅ 26개  0.0MB
  [37/513] BOJ 1063   ✅ 14개  0.0MB
  [38/513] BOJ 1064   ✅ 14개  0.0MB
  [39/513] BOJ 1065   ✅ 14개  0.0MB
  [40/513] BOJ 1068   ✅ 23개  0.0MB
  [41/513] BOJ 1069   ✅ 14개  0.0MB
  [42/513] BOJ 10709  ✅ 26개  0.1MB
  [43/513] BOJ 1072   ✅ 24개  0.0MB
  [44/513] BOJ 1074   ✅ 14개  0.0MB
  [45/513] BOJ 1075   ✅ 14개  0.0MB
  [46/513] BOJ 1076   ✅ 14개  0.0MB
  [47/513] BOJ 10798  ✅ 14개  0.0MB
  [48/513] BOJ 1080   ✅ 14개  0.0MB
  [49/513] BOJ 10808  ✅ 25개  0.0MB
  [50/513] BOJ 10809  ✅ 14개  0.0MB
  [51/513] BOJ 10811  ✅ 14개  0.0MB
  [52/513] BOJ 10813  ✅ 14개  0.0MB
  [53/513] BOJ 10814  ✅ 14개  2.8MB
  [54/513] BOJ 10815  ✅ 14개  7.4MB
  [55/513] BOJ 10816  ✅ 14개  8.2MB
  [56/513] BOJ 10819  ✅ 14개  0.0MB
  [57/513] BOJ 10820  ✅ 14개  0.0MB
  [58/513] BOJ 10822  ✅ 14개  0.0MB
  [59/513] BOJ 10823  ✅ 14개  0.1MB
  [60/513] BOJ 10825  ✅ 14개  2.3MB
  [61/513] BOJ 10826  ✅ 14개  0.0MB
  [62/513] BOJ 10828  ✅ 12개  0.6MB
  [63/513] BOJ 10829  ✅ 14개  0.0MB
  [64/513] BOJ 10830  ✅ 14개  0.0MB
  [65/513] BOJ 10844  ✅ 14개  0.0MB
  [66/513] BOJ 10845  ✅ 14개  0.2MB
  [67/513] BOJ 10866  ✅ 14개  0.2MB
  [68/513] BOJ 10867  ✅ 14개  0.5MB
  [69/513] BOJ 10868  ✅ 14개  3.6MB
  [70/513] BOJ 1092   ✅ 14개  0.1MB
  [71/513] BOJ 1094   ✅ 24개  0.0MB
  [72/513] BOJ 10942  ✅ 22개  0.1MB
  [73/513] BOJ 10971  ✅ 14개  0.0MB
  [74/513] BOJ 10972  ✅ 14개  0.2MB
  [75/513] BOJ 10973  ✅ 14개  0.2MB
  [76/513] BOJ 10974  ✅ 7개  0.8MB
  [77/513] BOJ 10986  ✅ 14개  6.9MB
  [78/513] BOJ 10988  ✅ 25개  0.0MB
  [79/513] BOJ 1100   ✅ 14개  0.0MB
  [80/513] BOJ 11000  ✅ 14개  9.8MB
  [81/513] BOJ 1103   ✅ 26개  0.0MB
  [82/513] BOJ 11047  ✅ 14개  0.0MB
  [83/513] BOJ 11052  ✅ 14개  0.0MB
  [84/513] BOJ 11053  ✅ 25개  0.0MB
  [85/513] BOJ 11055  ✅ 14개  0.0MB
  [86/513] BOJ 1106   ✅ 14개  0.0MB
  [87/513] BOJ 1110   ✅ 14개  0.0MB
  [88/513] BOJ 1120   ✅ 14개  0.0MB
  [89/513] BOJ 1138   ✅ 14개  0.0MB
  [90/513] BOJ 11399  ✅ 14개  0.0MB
  [91/513] BOJ 11403  ✅ 14개  0.1MB
  [92/513] BOJ 11404  ✅ 14개  1.3MB
  [93/513] BOJ 11441  ✅ 14개  3.6MB
  [94/513] BOJ 1149   ✅ 14개  0.1MB
  [95/513] BOJ 11501  ✅ 14개  5.0MB
  [96/513] BOJ 11505  ✅ 14개  4.3MB
  [97/513] BOJ 1152   ✅ 14개  1.1MB
  [98/513] BOJ 1157   ✅ 14개  1.0MB
  [99/513] BOJ 1158   ✅ 14개  0.0MB
  [100/513] BOJ 1159   ✅ 26개  0.0MB
  [101/513] BOJ 11650  ✅ 14개  9.3MB
  [102/513] BOJ 11651  ✅ 14개  9.3MB
  [103/513] BOJ 11655  ✅ 26개  0.0MB
  [104/513] BOJ 11658  ✅ 25개  8.2MB
  [105/513] BOJ 11659  ✅ 14개  5.5MB
  [106/513] BOJ 11660  ✅ 14개  14.5MB
  [107/513] BOJ 1167   ✅ 14개  3.4MB
  [108/513] BOJ 11722  ✅ 14개  0.0MB
  [109/513] BOJ 11723  ✅ 23개  0.0MB
  [110/513] BOJ 11724  ✅ 14개  0.0MB
  [111/513] BOJ 11725  ✅ 14개  5.2MB
  [112/513] BOJ 11726  ✅ 14개  0.0MB
  [113/513] BOJ 11727  ✅ 14개  0.0MB
  [114/513] BOJ 1173   ✅ 14개  0.0MB
  [115/513] BOJ 11780  ✅ 14개  0.7MB
  [116/513] BOJ 1181   ✅ 14개  1.8MB
  [117/513] BOJ 1182   ✅ 14개  0.0MB
  [118/513] BOJ 1189   ✅ 25개  0.0MB
  [119/513] BOJ 1193   ✅ 14개  0.0MB
  [120/513] BOJ 1194   ✅ 14개  0.0MB
  [121/513] BOJ 1197   ✅ 14개  2.1MB
  [122/513] BOJ 1198   ✅ 14개  0.0MB
  [123/513] BOJ 12015  ✅ 14개  20.7MB
  [124/513] BOJ 1202   ✅ 16개  6.3MB
  [125/513] BOJ 1205   ✅ 14개  0.0MB
  [126/513] BOJ 1208   ✅ 14개  0.0MB
  [127/513] BOJ 12100  ✅ 25개  0.0MB
  [128/513] BOJ 1212   ✅ 14개  2.9MB
  [129/513] BOJ 1213   ✅ 24개  0.0MB
  [130/513] BOJ 1219   ✅ 26개  0.0MB
  [131/513] BOJ 1225   ✅ 14개  0.2MB
  [132/513] BOJ 1233   ✅ 14개  0.0MB
  [133/513] BOJ 1235   ✅ 14개  0.1MB
  [134/513] BOJ 1236   ✅ 14개  0.0MB
  [135/513] BOJ 1238   ✅ 16개  0.2MB
  [136/513] BOJ 1244   ✅ 14개  0.0MB
  [137/513] BOJ 1245   ✅ 14개  0.0MB
  [138/513] BOJ 1246   ✅ 14개  0.0MB
  [139/513] BOJ 1251   ✅ 14개  0.0MB
  [140/513] BOJ 1252   ✅ 14개  0.0MB
  [141/513] BOJ 1253   ✅ 14개  0.1MB
  [142/513] BOJ 1254   ✅ 14개  0.0MB
  [143/513] BOJ 1259   ✅ 14개  1.1MB
  [144/513] BOJ 1260   ✅ 14개  0.1MB
  [145/513] BOJ 1261   ✅ 14개  0.0MB
  [146/513] BOJ 1268   ✅ 14개  0.0MB
  [147/513] BOJ 1269   ✅ 16개  4.2MB
  [148/513] BOJ 1270   ✅ 14개  0.6MB
  [149/513] BOJ 12738  ✅ 14개  19.2MB
  [150/513] BOJ 1275   ✅ 14개  6.1MB
  [151/513] BOJ 1280   ✅ 16개  1.5MB
  [152/513] BOJ 1283   ✅ 14개  0.0MB
  [153/513] BOJ 12837  ✅ 14개  4.0MB
  [154/513] BOJ 1285   ✅ 16개  0.0MB
  [155/513] BOJ 12851  ✅ 25개  0.0MB
  [156/513] BOJ 12852  ✅ 24개  0.0MB
  [157/513] BOJ 12865  ✅ 16개  0.0MB
  [158/513] BOJ 12869  ✅ 14개  0.0MB
  [159/513] BOJ 12919  ✅ 14개  0.0MB
  [160/513] BOJ 1292   ✅ 14개  0.0MB
  [161/513] BOJ 1296   ✅ 14개  0.0MB
  [162/513] BOJ 1297   ✅ 14개  0.0MB
  [163/513] BOJ 1300   ✅ 14개  0.0MB
  [164/513] BOJ 1302   ✅ 14개  0.1MB
  [165/513] BOJ 1303   ✅ 14개  0.1MB
  [166/513] BOJ 1308   ✅ 14개  0.0MB
  [167/513] BOJ 1309   ✅ 14개  0.0MB
  [168/513] BOJ 1311   ✅ 14개  0.0MB
  [169/513] BOJ 1312   ✅ 14개  0.0MB
  [170/513] BOJ 13144  ✅ 15개  3.0MB
  [171/513] BOJ 1315   ✅ 16개  0.0MB
  [172/513] BOJ 1316   ✅ 14개  0.0MB
  [173/513] BOJ 13244  ✅ 16개  0.0MB
  [174/513] BOJ 1325   ✅ 16개  1.1MB
  [175/513] BOJ 1326   ✅ 14개  0.0MB
  [176/513] BOJ 1327   ✅ 14개  0.0MB
  [177/513] BOJ 13305  ✅ 14개  1.5MB
  [178/513] BOJ 1331   ✅ 14개  0.0MB
  [179/513] BOJ 1333   ✅ 14개  0.0MB
  [180/513] BOJ 1339   ✅ 14개  0.0MB
  [181/513] BOJ 13397  ✅ 14개  0.1MB
  [182/513] BOJ 1340   ✅ 14개  0.0MB
  [183/513] BOJ 1342   ✅ 14개  0.0MB
  [184/513] BOJ 1343   ✅ 14개  0.0MB
  [185/513] BOJ 1344   ✅ 13개  0.0MB
  [186/513] BOJ 13458  ✅ 14개  5.4MB
  [187/513] BOJ 13460  ✅ 14개  0.0MB
  [188/513] BOJ 1351   ✅ 14개  0.0MB
  [189/513] BOJ 13549  ✅ 14개  0.0MB
  [190/513] BOJ 1356   ✅ 14개  0.0MB
  [191/513] BOJ 1365   ✅ 14개  2.1MB
  [192/513] BOJ 1374   ✅ 14개  6.6MB
  [193/513] BOJ 1389   ✅ 14개  0.1MB
  [194/513] BOJ 13913  ✅ 15개  0.8MB
  [195/513] BOJ 14002  ✅ 16개  0.0MB
  [196/513] BOJ 14003  ✅ 14개  2.0MB
  [197/513] BOJ 1406   ✅ 14개  7.5MB
  [198/513] BOJ 1417   ✅ 14개  0.0MB
  [199/513] BOJ 14247  ✅ 14개  2.4MB
  [200/513] BOJ 1436   ✅ 14개  0.0MB
  [201/513] BOJ 14391  ✅ 16개  0.0MB
  [202/513] BOJ 14405  ✅ 14개  0.0MB
  [203/513] BOJ 14427  ✅ 14개  3.8MB
  [204/513] BOJ 14428  ✅ 14개  5.3MB
  [205/513] BOJ 14438  ✅ 14개  5.3MB
  [206/513] BOJ 14442  ✅ 14개  2.0MB
  [207/513] BOJ 1446   ✅ 14개  0.0MB
  [208/513] BOJ 14469  ✅ 16개  0.0MB
  [209/513] BOJ 14497  ✅ 16개  0.3MB
  [210/513] BOJ 14499  ✅ 14개  0.0MB
  [211/513] BOJ 1450   ✅ 16개  0.0MB
  [212/513] BOJ 14500  ✅ 14개  1.0MB
  [213/513] BOJ 14501  ✅ 14개  0.0MB
  [214/513] BOJ 14502  ✅ 26개  0.0MB
  [215/513] BOJ 14503  ✅ 14개  0.0MB
  [216/513] BOJ 14620  ✅ 26개  0.0MB
  [217/513] BOJ 14621  ✅ 14개  0.1MB
  [218/513] BOJ 14627  ✅ 16개  7.3MB
  [219/513] BOJ 1463   ✅ 12개  0.0MB
  [220/513] BOJ 14658  ✅ 14개  0.0MB
  [221/513] BOJ 14719  ✅ 14개  0.0MB
  [222/513] BOJ 1477   ✅ 14개  0.0MB
  [223/513] BOJ 1480   ✅ 16개  0.0MB
  [224/513] BOJ 1486   ✅ 16개  0.0MB
  [225/513] BOJ 14863  ✅ 17개  0.0MB
  [226/513] BOJ 14864  ✅ 24개  5.9MB
  [227/513] BOJ 14867  ✅ 26개  0.0MB
  [228/513] BOJ 14888  ✅ 26개  0.0MB
  [229/513] BOJ 14889  ✅ 24개  0.0MB
  [230/513] BOJ 14890  ✅ 25개  0.3MB
  [231/513] BOJ 14891  ✅ 14개  0.0MB
  [232/513] BOJ 14940  ✅ 14개  4.6MB
  [233/513] BOJ 1504   ✅ 14개  2.6MB
  [234/513] BOJ 1509   ✅ 16개  0.0MB
  [235/513] BOJ 1513   ✅ 16개  0.0MB
  [236/513] BOJ 1514   ✅ 16개  0.0MB
  [237/513] BOJ 1515   ✅ 14개  0.0MB
  [238/513] BOJ 1522   ✅ 14개  0.0MB
  [239/513] BOJ 1535   ✅ 16개  0.0MB
  [240/513] BOJ 15353  ✅ 26개  0.3MB
  [241/513] BOJ 1541   ✅ 14개  0.0MB
  [242/513] BOJ 1546   ✅ 14개  0.0MB
  [243/513] BOJ 1561   ✅ 17개  0.1MB
  [244/513] BOJ 1562   ✅ 14개  0.0MB
  [245/513] BOJ 15649  ✅ 14개  1.3MB
  [246/513] BOJ 15650  ✅ 14개  0.0MB
  [247/513] BOJ 15651  ✅ 14개  1.8MB
  [248/513] BOJ 15652  ✅ 14개  0.2MB
  [249/513] BOJ 15654  ✅ 14개  1.7MB
  [250/513] BOJ 15655  ✅ 14개  0.0MB
  [251/513] BOJ 15656  ✅ 14개  2.2MB
  [252/513] BOJ 15657  ✅ 14개  0.2MB
  [253/513] BOJ 15662  ✅ 26개  0.3MB
  [254/513] BOJ 15663  ✅ 14개  1.7MB
  [255/513] BOJ 15664  ✅ 14개  0.0MB
  [256/513] BOJ 15665  ✅ 14개  2.2MB
  [257/513] BOJ 15666  ✅ 14개  0.0MB
  [258/513] BOJ 15683  ✅ 26개  0.0MB
  [259/513] BOJ 15684  ✅ 24개  0.0MB
  [260/513] BOJ 15685  ✅ 26개  0.0MB
  [261/513] BOJ 15686  ✅ 26개  0.0MB
  [262/513] BOJ 15926  ✅ 27개  2.2MB
  [263/513] BOJ 15972  ✅ 26개  0.0MB
  [264/513] BOJ 15988  ✅ 14개  0.0MB
  [265/513] BOJ 15989  ✅ 14개  0.0MB
  [266/513] BOJ 15990  ✅ 14개  0.0MB
  [267/513] BOJ 16118  ✅ 26개  5.2MB
  [268/513] BOJ 1613   ✅ 16개  0.4MB
  [269/513] BOJ 16197  ✅ 14개  0.0MB
  [270/513] BOJ 16198  ✅ 14개  0.0MB
  [271/513] BOJ 1620   ✅ 16개  3.4MB
  [272/513] BOJ 16234  ✅ 24개  0.0MB
  [273/513] BOJ 16235  ✅ 25개  0.0MB
  [274/513] BOJ 16236  ✅ 14개  0.0MB
  [275/513] BOJ 1629   ✅ 15개  0.0MB
  [276/513] BOJ 16401  ✅ 14개  3.9MB
  [277/513] BOJ 16434  ✅ 26개  8.2MB
  [278/513] BOJ 1644   ✅ 12개  0.0MB
  [279/513] BOJ 1654   ✅ 14개  0.1MB
  [280/513] BOJ 16637  ✅ 16개  0.0MB
  [281/513] BOJ 16928  ✅ 14개  0.0MB
  [282/513] BOJ 16933  ✅ 14개  2.0MB
  [283/513] BOJ 16943  ✅ 14개  0.0MB
  [284/513] BOJ 16948  ✅ 14개  0.0MB
  [285/513] BOJ 1697   ✅ 14개  0.0MB
  [286/513] BOJ 1699   ✅ 12개  0.0MB
  [287/513] BOJ 1700   ✅ 15개  0.0MB
  [288/513] BOJ 1707   ✅ 14개  0.0MB
  [289/513] BOJ 17070  ✅ 14개  0.0MB
  [290/513] BOJ 17071  ✅ 14개  0.0MB
  [291/513] BOJ 17136  ✅ 14개  0.0MB
  [292/513] BOJ 17140  ✅ 14개  0.0MB
  [293/513] BOJ 17142  ✅ 14개  0.0MB
  [294/513] BOJ 17143  ✅ 16개  0.0MB
  [295/513] BOJ 17144  ✅ 16개  0.0MB
  [296/513] BOJ 17258  ✅ 16개  0.0MB
  [297/513] BOJ 17266  ✅ 14개  0.6MB
  [298/513] BOJ 17297  ✅ 14개  0.0MB
  [299/513] BOJ 17298  ✅ 24개  3.8MB
  [300/513] BOJ 17406  ✅ 25개  0.1MB
  [301/513] BOJ 17435  ✅ 14개  9.2MB
  [302/513] BOJ 17471  ✅ 26개  0.0MB
  [303/513] BOJ 17484  ✅ 14개  0.0MB
  [304/513] BOJ 1753   ✅ 14개  4.8MB
  [305/513] BOJ 1758   ✅ 14개  1.5MB
  [306/513] BOJ 17611  ✅ 26개  2.4MB
  [307/513] BOJ 17612  ✅ 26개  4.2MB
  [308/513] BOJ 17615  ✅ 14개  0.5MB
  [309/513] BOJ 17616  ✅ 26개  2.9MB
  [310/513] BOJ 17623  ✅ 25개  0.0MB
  [311/513] BOJ 1764   ✅ 14개  3.4MB
  [312/513] BOJ 17779  ✅ 14개  0.0MB
  [313/513] BOJ 1781   ✅ 16개  9.5MB
  [314/513] BOJ 17822  ✅ 26개  0.0MB
  [315/513] BOJ 17825  ✅ 23개  0.0MB
  [316/513] BOJ 1783   ✅ 14개  0.0MB
  [317/513] BOJ 17837  ✅ 35개  0.0MB
  [318/513] BOJ 1789   ✅ 14개  0.0MB
  [319/513] BOJ 1806   ✅ 14개  0.3MB
  [320/513] BOJ 18352  ✅ 14개  15.8MB
  [321/513] BOJ 18436  ✅ 14개  5.7MB
  [322/513] BOJ 1863   ✅ 14개  0.8MB
  [323/513] BOJ 1890   ✅ 14개  0.0MB
  [324/513] BOJ 1904   ✅ 13개  0.0MB
  [325/513] BOJ 1911   ✅ 16개  0.2MB
  [326/513] BOJ 1912   ✅ 26개  1.9MB
  [327/513] BOJ 1916   ✅ 14개  1.5MB
  [328/513] BOJ 1920   ✅ 14개  3.1MB
  [329/513] BOJ 1922   ✅ 14개  1.4MB
  [330/513] BOJ 19236  ✅ 14개  0.0MB
  [331/513] BOJ 19237  ✅ 14개  0.0MB
  [332/513] BOJ 19238  ✅ 14개  0.0MB
  [333/513] BOJ 1927   ✅ 14개  1.3MB
  [334/513] BOJ 1929   ✅ 14개  1.5MB
  [335/513] BOJ 1931   ✅ 26개  8.0MB
  [336/513] BOJ 1932   ✅ 14개  1.2MB
  [337/513] BOJ 1939   ✅ 14개  2.0MB
  [338/513] BOJ 1940   ✅ 14개  0.1MB
  [339/513] BOJ 1941   ✅ 14개  0.0MB
  [340/513] BOJ 1943   ✅ 14개  0.0MB
  [341/513] BOJ 1946   ✅ 14개  3.8MB
  [342/513] BOJ 19598  ✅ 14개  5.0MB
  [343/513] BOJ 19637  ✅ 14개  2.7MB
  [344/513] BOJ 1967   ✅ 14개  0.4MB
  [345/513] BOJ 1976   ✅ 14개  0.8MB
  [346/513] BOJ 1978   ✅ 14개  0.0MB
  [347/513] BOJ 1987   ✅ 25개  0.0MB
  [348/513] BOJ 1991   ✅ 14개  0.0MB
  [349/513] BOJ 1992   ✅ 26개  0.1MB
  [350/513] BOJ 19941  ✅ 14개  0.0MB
  [351/513] BOJ 19942  ✅ 36개  0.0MB
  [352/513] BOJ 20006  ✅ 14개  0.0MB
  [353/513] BOJ 2003   ✅ 14개  0.1MB
  [354/513] BOJ 20055  ✅ 14개  0.0MB
  [355/513] BOJ 20056  ✅ 14개  0.0MB
  [356/513] BOJ 20057  ✅ 14개  1.3MB
  [357/513] BOJ 20058  ✅ 14개  0.0MB
  [358/513] BOJ 20061  ✅ 14개  0.2MB
  [359/513] BOJ 2011   ✅ 14개  0.0MB
  [360/513] BOJ 20125  ✅ 14개  1.1MB
  [361/513] BOJ 20310  ✅ 14개  0.0MB
  [362/513] BOJ 2042   ✅ 24개  0.3MB
  [363/513] BOJ 20437  ✅ 14개  1.0MB
  [364/513] BOJ 2064   ✅ 14개  0.0MB
  [365/513] BOJ 2075   ✅ 14개  3.3MB
  [366/513] BOJ 20920  ✅ 14개  1.1MB
  [367/513] BOJ 20922  ✅ 14개  0.9MB
  [368/513] BOJ 2098   ✅ 25개  0.0MB
  [369/513] BOJ 2109   ✅ 27개  0.2MB
  [370/513] BOJ 2110   ✅ 14개  5.0MB
  [371/513] BOJ 2133   ✅ 14개  0.0MB
  [372/513] BOJ 2138   ✅ 14개  0.2MB
  [373/513] BOJ 2143   ✅ 14개  0.0MB
  [374/513] BOJ 2156   ✅ 14개  0.1MB
  [375/513] BOJ 21608  ✅ 14개  0.0MB
  [376/513] BOJ 21609  ✅ 14개  0.0MB
  [377/513] BOJ 21610  ✅ 14개  0.0MB
  [378/513] BOJ 2164   ✅ 14개  0.0MB
  [379/513] BOJ 2169   ✅ 14개  4.2MB
  [380/513] BOJ 2170   ✅ 16개  2.1MB
  [381/513] BOJ 21736  ✅ 14개  0.7MB
  [382/513] BOJ 2178   ✅ 26개  0.1MB
  [383/513] BOJ 2179   ✅ 14개  0.3MB
  [384/513] BOJ 21921  ✅ 14개  1.3MB
  [385/513] BOJ 2193   ✅ 13개  0.0MB
  [386/513] BOJ 2206   ✅ 14개  1.1MB
  [387/513] BOJ 2212   ✅ 14개  0.1MB
  [388/513] BOJ 2217   ✅ 14개  2.0MB
  [389/513] BOJ 22233  ✅ 14개  7.4MB
  [390/513] BOJ 2225   ✅ 14개  0.0MB
  [391/513] BOJ 22251  ✅ 14개  0.0MB
  [392/513] BOJ 2231   ✅ 14개  0.0MB
  [393/513] BOJ 2234   ✅ 26개  0.0MB
  [394/513] BOJ 2240   ✅ 26개  0.0MB
  [395/513] BOJ 22866  ✅ 14개  7.5MB
  [396/513] BOJ 2292   ✅ 14개  0.0MB
  [397/513] BOJ 2293   ✅ 15개  0.0MB
  [398/513] BOJ 2294   ✅ 16개  0.0MB
  [399/513] BOJ 2295   ✅ 14개  0.0MB
  [400/513] BOJ 22954  ✅ 14개  2.6MB
  [401/513] BOJ 2302   ✅ 15개  0.0MB
  [402/513] BOJ 2304   ✅ 14개  0.0MB
  [403/513] BOJ 2309   ✅ 15개  0.0MB
  [404/513] BOJ 23288  ✅ 14개  0.0MB
  [405/513] BOJ 23290  ✅ 14개  0.0MB
  [406/513] BOJ 2342   ✅ 16개  1.1MB
  [407/513] BOJ 2343   ✅ 16개  1.0MB
  [408/513] BOJ 2352   ✅ 14개  0.7MB
  [409/513] BOJ 2357   ✅ 14개  8.2MB
  [410/513] BOJ 24042  ✅ 14개  1.1MB
  [411/513] BOJ 2417   ✅ 14개  0.0MB
  [412/513] BOJ 24337  ✅ 14개  1.7MB
  [413/513] BOJ 24479  ✅ 14개  5.3MB
  [414/513] BOJ 2467   ✅ 14개  1.0MB
  [415/513] BOJ 2468   ✅ 16개  0.1MB
  [416/513] BOJ 2470   ✅ 14개  1.6MB
  [417/513] BOJ 2485   ✅ 14개  1.5MB
  [418/513] BOJ 2493   ✅ 14개  28.1MB
  [419/513] BOJ 2512   ✅ 14개  0.3MB
  [420/513] BOJ 2529   ✅ 16개  0.0MB
  [421/513] BOJ 2531   ✅ 14개  0.2MB
  [422/513] BOJ 2559   ✅ 16개  0.5MB
  [423/513] BOJ 2565   ✅ 16개  0.0MB
  [424/513] BOJ 25757  ✅ 14개  2.2MB
  [425/513] BOJ 2577   ✅ 14개  0.0MB
  [426/513] BOJ 2579   ✅ 14개  0.0MB
  [427/513] BOJ 2583   ✅ 25개  0.0MB
  [428/513] BOJ 2589   ✅ 22개  0.0MB
  [429/513] BOJ 2606   ✅ 14개  0.0MB
  [430/513] BOJ 2607   ✅ 14개  0.0MB
  [431/513] BOJ 2609   ✅ 14개  0.0MB
  [432/513] BOJ 2618   ✅ 25개  0.1MB
  [433/513] BOJ 2621   ✅ 14개  0.0MB
  [434/513] BOJ 2631   ✅ 14개  0.0MB
  [435/513] BOJ 2632   ✅ 26개  0.0MB
  [436/513] BOJ 2636   ✅ 26개  0.1MB
  [437/513] BOJ 2644   ✅ 14개  0.0MB
  [438/513] BOJ 2667   ✅ 14개  0.0MB
  [439/513] BOJ 2668   ✅ 14개  0.0MB
  [440/513] BOJ 2670   ✅ 26개  0.2MB
  [441/513] BOJ 2675   ✅ 14개  0.2MB
  [442/513] BOJ 2745   ✅ 14개  0.0MB
  [443/513] BOJ 2748   ✅ 14개  0.0MB
  [444/513] BOJ 2750   ✅ 14개  0.1MB
  [445/513] BOJ 2776   ✅ 23개  6.4MB
  [446/513] BOJ 2792   ✅ 25개  6.7MB
  [447/513] BOJ 2798   ✅ 14개  0.0MB
  [448/513] BOJ 2805   ✅ 14개  5.0MB
  [449/513] BOJ 2816   ✅ 14개  0.0MB
  [450/513] BOJ 2828   ✅ 25개  0.0MB
  [451/513] BOJ 2839   ✅ 14개  0.0MB
  [452/513] BOJ 2852   ✅ 26개  0.0MB
  [453/513] BOJ 2870   ✅ 26개  0.0MB
  [454/513] BOJ 2885   ✅ 14개  0.0MB
  [455/513] BOJ 2908   ✅ 14개  0.0MB
  [456/513] BOJ 2910   ✅ 16개  0.1MB
  [457/513] BOJ 2941   ✅ 14개  0.0MB
  [458/513] BOJ 2979   ✅ 26개  0.0MB
  [459/513] BOJ 3015   ✅ 23개  7.6MB
  [460/513] BOJ 3020   ✅ 14개  3.0MB
  [461/513] BOJ 3052   ✅ 14개  0.0MB
  [462/513] BOJ 3055   ✅ 14개  0.0MB
  [463/513] BOJ 3079   ✅ 14개  0.5MB
  [464/513] BOJ 3190   ✅ 26개  0.0MB
  [465/513] BOJ 3197   ✅ 27개  3.8MB
  [466/513] BOJ 3273   ✅ 26개  1.9MB
  [467/513] BOJ 3474   ✅ 16개  0.0MB
  [468/513] BOJ 3653   ✅ 26개  9.3MB
  [469/513] BOJ 3687   ✅ 26개  0.0MB
  [470/513] BOJ 3758   ✅ 14개  1.1MB
  [471/513] BOJ 3986   ✅ 25개  3.1MB
  [472/513] BOJ 4179   ✅ 26개  2.0MB
  [473/513] BOJ 4195   ✅ 14개  1.9MB
  [474/513] BOJ 4375   ✅ 16개  0.0MB
  [475/513] BOJ 4485   ✅ 16개  0.0MB
  [476/513] BOJ 4659   ✅ 16개  0.0MB
  [477/513] BOJ 4781   ✅ 16개  0.0MB
  [478/513] BOJ 4811   ✅ 16개  0.0MB
  [479/513] BOJ 4949   ✅ 16개  0.0MB
  [480/513] BOJ 4963   ✅ 14개  0.0MB
  [481/513] BOJ 5014   ✅ 14개  0.0MB
  [482/513] BOJ 5373   ✅ 16개  0.0MB
  [483/513] BOJ 5419   ✅ 16개  0.1MB
  [484/513] BOJ 5430   ✅ 16개  0.0MB
  [485/513] BOJ 5557   ✅ 16개  0.0MB
  [486/513] BOJ 5585   ✅ 14개  0.0MB
  [487/513] BOJ 5622   ✅ 14개  0.0MB
  [488/513] BOJ 5719   ✅ 26개  0.1MB
  [489/513] BOJ 5972   ✅ 14개  1.1MB
  [490/513] BOJ 6236   ✅ 26개  1.7MB
  [491/513] BOJ 6603   ✅ 14개  0.1MB
  [492/513] BOJ 7453   ✅ 14개  0.0MB
  [493/513] BOJ 7490   ✅ 14개  0.0MB
  [494/513] BOJ 7562   ✅ 14개  0.0MB
  [495/513] BOJ 7568   ✅ 14개  0.0MB
  [496/513] BOJ 7682   ✅ 14개  0.4MB
  [497/513] BOJ 7795   ✅ 26개  1.1MB
  [498/513] BOJ 8958   ✅ 14개  0.0MB
  [499/513] BOJ 8979   ✅ 14개  0.0MB
  [500/513] BOJ 9012   ✅ 26개  0.0MB
  [501/513] BOJ 9017   ✅ 14개  1.4MB
  [502/513] BOJ 9095   ✅ 14개  0.0MB
  [503/513] BOJ 9184   ✅ 14개  0.0MB
  [504/513] BOJ 9370   ✅ 26개  0.2MB
  [505/513] BOJ 9375   ✅ 26개  0.0MB
  [506/513] BOJ 9461   ✅ 14개  0.0MB
  [507/513] BOJ 9527   ✅ 14개  0.0MB
  [508/513] BOJ 9655   ✅ 14개  0.0MB
  [509/513] BOJ 9663   ✅ 13개  0.0MB
  [510/513] BOJ 9934   ✅ 26개  0.1MB
  [511/513] BOJ 9935   ✅ 24개  4.6MB
  [512/513] BOJ 9944   ✅ 14개  0.0MB
  [513/513] BOJ 9996   ✅ 26개  0.0MB

완료: 올림 506 / 이미있음 7 / 실패 0 / 3.1분
